2026-06-05 00:29:44,489 - თამაში დაიწყო!


2026-06-05 00:29:44,491 - Gamer 1 -> 3 | Gamer 2 -> 5
2026-06-05 00:29:44,491 - გამარჯვებული: Gamer 2
2026-06-05 00:29:55,576 - Gamer 1 -> 1 | Gamer 2 -> 1
2026-06-05 00:29:55,576 - ფრე
2026-06-05 00:29:55,577 - Gamer 1 -> 1 | Gamer 2 -> 2
2026-06-05 00:29:55,578 - გამარჯვებული: Gamer 2
2026-06-05 00:30:00,186 - Gamer 1 -> 5 | Gamer 2 -> 6
2026-06-05 00:30:00,186 - გამარჯვებული: Gamer 2
2026-06-05 00:30:03,566 - Gamer 1 -> 6 | Gamer 2 -> 1
2026-06-05 00:30:03,566 - გამარჯვებული: Gamer 1
2026-06-05 00:30:06,085 - თამაში დასრულდა
2026-06-05 00:30:06,088 - თამაში დასრულდა!


2026-06-05 00:31:52,449 - თამაში დაიწყო!

2026-06-05 00:31:52,450 - Gamer 1 -> 4 | Gamer 2 -> 5
2026-06-05 00:31:52,450 - გამარჯვებული: Gamer 2
2026-06-05 00:32:01,654 - Gamer 1 -> 3 | Gamer 2 -> 6
2026-06-05 00:32:01,654 - გამარჯვებული: Gamer 2
2026-06-05 00:32:04,523 - Gamer 1 -> 6 | Gamer 2 -> 4
2026-06-05 00:32:04,523 - გამარჯვებული: Gamer 1
2026-06-05 00:32:06,693 - Gamer 1 -> 5 | Gamer 2 -> 4
2026-06-05 00:32:06,693 - გამარჯვებული: Gamer 1
2026-06-05 00:32:08,060 - Gamer 1 -> 1 | Gamer 2 -> 1
2026-06-05 00:32:08,060 - ფრე
2026-06-05 00:32:08,060 - Gamer 1 -> 3 | Gamer 2 -> 6
2026-06-05 00:32:08,060 - გამარჯვებული: Gamer 2
2026-06-05 00:32:09,465 - Gamer 1 -> 1 | Gamer 2 -> 3
2026-06-05 00:32:09,466 - გამარჯვებული: Gamer 2
2026-06-05 00:32:10,500 - Gamer 1 -> 1 | Gamer 2 -> 3
2026-06-05 00:32:10,500 - გამარჯვებული: Gamer 2
2026-06-05 00:32:11,805 - Gamer 1 -> 1 | Gamer 2 -> 2
2026-06-05 00:32:11,805 - გამარჯვებული: Gamer 2
2026-06-05 00:32:13,480 - თამაში დასრულდა!


